----------------------------------------------------------------
### Secrets: environment variable vs file-based Docker secret
COMMAND   : ./scripts/drills/05-secrets-comparison.sh
CWD       : /c/Users/abual/devops-tasks/02-docker-stack
TIMESTAMP : 2026-08-25 22:27:41 +0300
----------------------------------------------------------------
=== SECRETS: environment variable vs file-based secret ===

############################################################
# 1. THE WRONG WAY: password in an environment variable
############################################################

--- starting a container with -e PASSWORD=<value> ---

--- docker inspect on that container (Env array) ---
    APP_NAME=demo
    POSTGRES_PASSWORD=DEMO-FAKE-PASSWORD-not-the-real-one-3f9a2c
    PATH=/usr/local/sbin:/usr/local/bin:/usr/sbin:/usr/bin:/sbin:/bin
[PASS] the password IS visible in docker inspect, in plain text

--- it also leaks to every process in the container ---
    /proc/1/environ:
      APP_NAME=demo
      POSTGRES_PASSWORD=DEMO-FAKE-PASSWORD-not-the-real-one-3f9a2c

    Anyone with access to the Docker socket can read this without entering
    the container, without any credential of their own, at any time while
    the container exists. It is also inherited by every child process and
    is commonly captured by crash reporters and process listings.

############################################################
# 2. THE RIGHT WAY: file-based Docker secret
############################################################

--- docker inspect on the REAL postgres container (Env array) ---
    POSTGRES_PASSWORD_FILE=/run/secrets/postgres_password
    POSTGRES_INITDB_ARGS=--encoding=UTF8 --locale=C
    POSTGRES_DB=appdb
    POSTGRES_USER=appuser
    PATH=/usr/local/sbin:/usr/local/bin:/usr/sbin:/usr/bin:/sbin:/bin:/usr/lib/postgresql/16/bin
    GOSU_VERSION=1.19
    LANG=en_US.utf8
    PG_MAJOR=16
    PG_VERSION=16.15-1.pgdg13+2
    PGDATA=/var/lib/postgresql/data
[PASS] the real password does NOT appear anywhere in docker inspect
[PASS] only a PATH is exposed, not a value

--- where the value actually lives ---
    mount type and target inside the container:
      type=bind destination=/run/secrets/postgres_password rw=false
    file mode inside the container:
      -rwxrwxrwx root:root /run/secrets/postgres_password (41 bytes)

    The value is not in the container's config, so it is not in
    'docker inspect', not in the image, and not in any registry layer.

    HONEST LIMITATION: note 'type=bind' above. Compose (outside Swarm)
    implements file-based secrets as a BIND MOUNT of a host file, not as
    the in-memory tmpfs that Swarm/Kubernetes secrets use. Consequences:
      - the plaintext exists on the host disk at secrets/postgres_password.txt
      - the mode shown (777 here) is an artefact of the Windows/WSL bind
        mount, not a permission the file really carries on an ext4 host
      - it is still strictly better than an env var, because it stays out
        of container metadata, out of child process environments and out
        of crash dumps
      - for production, the host file should be sourced from a real secret
        manager (Vault, AWS Secrets Manager, SOPS-encrypted at rest) rather
        than generated and left on disk

############################################################
# 3. FULL-CONFIG SWEEP: is the real secret anywhere it should not be?
############################################################

[PASS] task02-postgres: real password absent from the ENTIRE inspect output
[PASS] task02-backend: real password absent from the ENTIRE inspect output
[PASS] task02-nginx: real password absent from the ENTIRE inspect output

--- and not in the images either ---
[PASS] task02-backend:1.0.0: real password absent from image metadata
[PASS] task02-nginx:1.0.0: real password absent from image metadata

--- and not committed to git ---
[PASS] secrets/postgres_password.txt is gitignored
[PASS] the secret file is not tracked by git

############################################################
# 4. WHAT ENVIRONMENT VARIABLES ARE STILL USED FOR
############################################################

    Non-sensitive configuration stays in .env, because the operational
    convenience is real and the exposure costs nothing:
      POSTGRES_PORT=5432
      PORT=3000
      POSTGRES_HOST=postgres
      POSTGRES_USER=appuser
      POSTGRES_DB=appdb
      NODE_ENV=production
      PG_POOL_MAX=10

    A database name and role are visible in any connection error message
    anyway. A password is not, and must not be.

RESULT: SECRETS COMPARISON PASSED
EXIT CODE : 0

