----------------------------------------------------------------
### terraform fmt, validate and plan - clean, nothing created
COMMAND   : ./scripts/plan.sh
CWD       : /c/Users/abual/devops-tasks/05-terraform-ansible
TIMESTAMP : 2026-08-26 17:27:02 +0300
----------------------------------------------------------------
=== terraform fmt -check -recursive ===
  formatting clean

=== terraform init ===
If you ever set or change modules or backend configuration for Terraform,
rerun this command to reinitialize your working directory. If you forget, other
commands will detect it and remind you to do so if necessary.

=== terraform validate ===
Success! The configuration is valid.


=== terraform plan ===

Terraform used the selected providers to generate the following execution
plan. Resource actions are indicated with the following symbols:
  + create

Terraform will perform the following actions:

  # google_compute_firewall.apps_allow_bastion_ssh will be created
  + resource "google_compute_firewall" "apps_allow_bastion_ssh" {
      + creation_timestamp      = (known after apply)
      + description             = "Bastion to app over SSH for Ansible ProxyJump. Cross-VPC, so a CIDR source."
      + destination_ranges      = (known after apply)
      + direction               = "INGRESS"
      + enable_logging          = (known after apply)
      + id                      = (known after apply)
      + name                    = "task05-apps-allow-bastion-ssh"
      + network                 = "task05-apps-vpc"
      + priority                = 1000
      + project                 = "test-environment-506521"
      + self_link               = (known after apply)
      + source_ranges           = [
          + "10.10.1.0/24",
          + "10.99.0.0/24",
        ]
      + target_service_accounts = [
          + "task05-app@test-environment-506521.iam.gserviceaccount.com",
        ]

      + allow {
          + ports    = [
              + "22",
            ]
          + protocol = "tcp"
        }
      + allow {
          + ports    = []
          + protocol = "icmp"
        }
    }

  # google_compute_firewall.apps_allow_nginx will be created
  + resource "google_compute_firewall" "apps_allow_nginx" {
      + creation_timestamp      = (known after apply)
      + description             = "nginx to the app on 8080. Cross-VPC, so the source must be a CIDR - tags and service accounts do not traverse peering."
      + destination_ranges      = (known after apply)
      + direction               = "INGRESS"
      + enable_logging          = (known after apply)
      + id                      = (known after apply)
      + name                    = "task05-apps-allow-nginx"
      + network                 = "task05-apps-vpc"
      + priority                = 1000
      + project                 = "test-environment-506521"
      + self_link               = (known after apply)
      + source_ranges           = [
          + "10.10.1.0/24",
        ]
      + target_service_accounts = [
          + "task05-app@test-environment-506521.iam.gserviceaccount.com",
        ]

      + allow {
          + ports    = [
              + "8080",
            ]
          + protocol = "tcp"
        }
    }

  # google_compute_firewall.apps_deny_all will be created
  + resource "google_compute_firewall" "apps_deny_all" {
      + creation_timestamp = (known after apply)
      + description        = "Explicit catch-all deny. Redundant with the implied deny, written for legibility."
      + destination_ranges = (known after apply)
      + direction          = "INGRESS"
      + enable_logging     = (known after apply)
      + id                 = (known after apply)
      + name               = "task05-apps-deny-all-ingress"
      + network            = "task05-apps-vpc"
      + priority           = 65534
      + project            = "test-environment-506521"
      + self_link          = (known after apply)
      + source_ranges      = [
          + "0.0.0.0/0",
        ]

      + deny {
          + ports    = []
          + protocol = "all"
        }

      + log_config {
          + metadata = "INCLUDE_ALL_METADATA"
        }
    }

  # google_compute_firewall.dbs_allow_admin_ssh will be created
  + resource "google_compute_firewall" "dbs_allow_admin_ssh" {
      + creation_timestamp      = (known after apply)
      + description             = "SSH to the database from the apps tier only. The public tier has no route here at all."
      + destination_ranges      = (known after apply)
      + direction               = "INGRESS"
      + enable_logging          = (known after apply)
      + id                      = (known after apply)
      + name                    = "task05-dbs-allow-admin-ssh"
      + network                 = "task05-dbs-vpc"
      + priority                = 1000
      + project                 = "test-environment-506521"
      + self_link               = (known after apply)
      + source_ranges           = [
          + "10.20.1.0/24",
        ]
      + target_service_accounts = [
          + "task05-db@test-environment-506521.iam.gserviceaccount.com",
        ]

      + allow {
          + ports    = [
              + "22",
            ]
          + protocol = "tcp"
        }
      + allow {
          + ports    = []
          + protocol = "icmp"
        }
    }

  # google_compute_firewall.dbs_allow_app will be created
  + resource "google_compute_firewall" "dbs_allow_app" {
      + creation_timestamp      = (known after apply)
      + description             = "Application tier to PostgreSQL on 5432. The only ingress the database accepts besides admin SSH."
      + destination_ranges      = (known after apply)
      + direction               = "INGRESS"
      + enable_logging          = (known after apply)
      + id                      = (known after apply)
      + name                    = "task05-dbs-allow-app-postgres"
      + network                 = "task05-dbs-vpc"
      + priority                = 1000
      + project                 = "test-environment-506521"
      + self_link               = (known after apply)
      + source_ranges           = [
          + "10.20.1.0/24",
        ]
      + target_service_accounts = [
          + "task05-db@test-environment-506521.iam.gserviceaccount.com",
        ]

      + allow {
          + ports    = [
              + "5432",
            ]
          + protocol = "tcp"
        }
    }

  # google_compute_firewall.dbs_deny_all will be created
  + resource "google_compute_firewall" "dbs_deny_all" {
      + creation_timestamp = (known after apply)
      + description        = "Explicit catch-all deny on the database tier, with logging so blocked attempts are visible."
      + destination_ranges = (known after apply)
      + direction          = "INGRESS"
      + enable_logging     = (known after apply)
      + id                 = (known after apply)
      + name               = "task05-dbs-deny-all-ingress"
      + network            = "task05-dbs-vpc"
      + priority           = 65534
      + project            = "test-environment-506521"
      + self_link          = (known after apply)
      + source_ranges      = [
          + "0.0.0.0/0",
        ]

      + deny {
          + ports    = []
          + protocol = "all"
        }

      + log_config {
          + metadata = "INCLUDE_ALL_METADATA"
        }
    }

  # google_compute_firewall.public_allow_bastion will be created
  + resource "google_compute_firewall" "public_allow_bastion" {
      + creation_timestamp      = (known after apply)
      + description             = "Admin access to the bastion: SSH and the WireGuard tunnel."
      + destination_ranges      = (known after apply)
      + direction               = "INGRESS"
      + enable_logging          = (known after apply)
      + id                      = (known after apply)
      + name                    = "task05-public-allow-bastion"
      + network                 = "task05-public-vpc"
      + priority                = 1000
      + project                 = "test-environment-506521"
      + self_link               = (known after apply)
      + source_ranges           = [
          + "0.0.0.0/0",
        ]
      + target_service_accounts = [
          + "task05-bastion@test-environment-506521.iam.gserviceaccount.com",
        ]

      + allow {
          + ports    = [
              + "22",
            ]
          + protocol = "tcp"
        }
      + allow {
          + ports    = [
              + "51820",
            ]
          + protocol = "udp"
        }
    }

  # google_compute_firewall.public_allow_bastion_ssh will be created
  + resource "google_compute_firewall" "public_allow_bastion_ssh" {
      + creation_timestamp      = (known after apply)
      + description             = "Bastion to nginx over SSH (Ansible ProxyJump). Same VPC, so a service account source works."
      + destination_ranges      = (known after apply)
      + direction               = "INGRESS"
      + enable_logging          = (known after apply)
      + id                      = (known after apply)
      + name                    = "task05-public-allow-bastion-to-nginx"
      + network                 = "task05-public-vpc"
      + priority                = 1000
      + project                 = "test-environment-506521"
      + self_link               = (known after apply)
      + source_service_accounts = [
          + "task05-bastion@test-environment-506521.iam.gserviceaccount.com",
        ]
      + target_service_accounts = [
          + "task05-nginx@test-environment-506521.iam.gserviceaccount.com",
        ]

      + allow {
          + ports    = [
              + "22",
            ]
          + protocol = "tcp"
        }
    }

  # google_compute_firewall.public_allow_https will be created
  + resource "google_compute_firewall" "public_allow_https" {
      + creation_timestamp      = (known after apply)
      + description             = "Internet to nginx on 443 only."
      + destination_ranges      = (known after apply)
      + direction               = "INGRESS"
      + enable_logging          = (known after apply)
      + id                      = (known after apply)
      + name                    = "task05-public-allow-https"
      + network                 = "task05-public-vpc"
      + priority                = 1000
      + project                 = "test-environment-506521"
      + self_link               = (known after apply)
      + source_ranges           = [
          + "0.0.0.0/0",
        ]
      + target_service_accounts = [
          + "task05-nginx@test-environment-506521.iam.gserviceaccount.com",
        ]

      + allow {
          + ports    = [
              + "443",
            ]
          + protocol = "tcp"
        }
    }

  # google_compute_firewall.public_allow_vpn will be created
  + resource "google_compute_firewall" "public_allow_vpn" {
      + creation_timestamp = (known after apply)
      + description        = "WireGuard tunnel clients into the public tier."
      + destination_ranges = (known after apply)
      + direction          = "INGRESS"
      + enable_logging     = (known after apply)
      + id                 = (known after apply)
      + name               = "task05-public-allow-vpn"
      + network            = "task05-public-vpc"
      + priority           = 1000
      + project            = "test-environment-506521"
      + self_link          = (known after apply)
      + source_ranges      = [
          + "10.99.0.0/24",
        ]

      + allow {
          + ports    = [
              + "22",
              + "80",
              + "443",
            ]
          + protocol = "tcp"
        }
      + allow {
          + ports    = []
          + protocol = "icmp"
        }
    }

  # google_compute_instance.app will be created
  + resource "google_compute_instance" "app" {
      + can_ip_forward       = false
      + cpu_platform         = (known after apply)
      + creation_timestamp   = (known after apply)
      + current_status       = (known after apply)
      + deletion_protection  = false
      + effective_labels     = {
          + "goog-terraform-provisioned" = "true"
          + "managed"                    = "terraform"
          + "project"                    = "devops-tasks"
          + "task"                       = "05-terraform-ansible"
        }
      + id                   = (known after apply)
      + instance_id          = (known after apply)
      + label_fingerprint    = (known after apply)
      + labels               = {
          + "managed" = "terraform"
          + "project" = "devops-tasks"
          + "task"    = "05-terraform-ansible"
        }
      + machine_type         = "e2-micro"
      + metadata             = {
          + "enable-oslogin" = "FALSE"
          + "ssh-keys"       = "ansible:ssh-ed25519 AAAAC3NzaC1lZDI1NTE5AAAAIMJSMpJY7HtQ66xl5Kmn/TIMc8A7so1WTZHhhQnHaKTO ansible@task05"
        }
      + metadata_fingerprint = (known after apply)
      + min_cpu_platform     = (known after apply)
      + name                 = "task05-app"
      + project              = "test-environment-506521"
      + self_link            = (known after apply)
      + tags                 = [
          + "app",
          + "apps-tier",
        ]
      + tags_fingerprint     = (known after apply)
      + terraform_labels     = {
          + "goog-terraform-provisioned" = "true"
          + "managed"                    = "terraform"
          + "project"                    = "devops-tasks"
          + "task"                       = "05-terraform-ansible"
        }
      + zone                 = "us-central1-a"

      + boot_disk {
          + auto_delete                = true
          + device_name                = (known after apply)
          + disk_encryption_key_sha256 = (known after apply)
          + guest_os_features          = (known after apply)
          + kms_key_self_link          = (known after apply)
          + mode                       = "READ_WRITE"
          + source                     = (known after apply)

          + initialize_params {
              + architecture           = (known after apply)
              + image                  = "debian-cloud/debian-12"
              + labels                 = (known after apply)
              + provisioned_iops       = (known after apply)
              + provisioned_throughput = (known after apply)
              + resource_policies      = (known after apply)
              + size                   = 10
              + snapshot               = (known after apply)
              + type                   = "pd-standard"
            }
        }

      + confidential_instance_config (known after apply)

      + guest_accelerator (known after apply)

      + network_interface {
          + internal_ipv6_prefix_length = (known after apply)
          + ipv6_access_type            = (known after apply)
          + ipv6_address                = (known after apply)
          + name                        = (known after apply)
          + network                     = (known after apply)
          + network_attachment          = (known after apply)
          + network_ip                  = (known after apply)
          + stack_type                  = (known after apply)
          + subnetwork                  = (known after apply)
          + subnetwork_project          = (known after apply)
        }

      + reservation_affinity (known after apply)

      + scheduling (known after apply)

      + service_account {
          + email  = "task05-app@test-environment-506521.iam.gserviceaccount.com"
          + scopes = [
              + "https://www.googleapis.com/auth/cloud-platform",
            ]
        }
    }

  # google_compute_instance.bastion will be created
  + resource "google_compute_instance" "bastion" {
      + can_ip_forward       = true
      + cpu_platform         = (known after apply)
      + creation_timestamp   = (known after apply)
      + current_status       = (known after apply)
      + deletion_protection  = false
      + effective_labels     = {
          + "goog-terraform-provisioned" = "true"
          + "managed"                    = "terraform"
          + "project"                    = "devops-tasks"
          + "task"                       = "05-terraform-ansible"
        }
      + id                   = (known after apply)
      + instance_id          = (known after apply)
      + label_fingerprint    = (known after apply)
      + labels               = {
          + "managed" = "terraform"
          + "project" = "devops-tasks"
          + "task"    = "05-terraform-ansible"
        }
      + machine_type         = "e2-micro"
      + metadata             = {
          + "enable-oslogin" = "FALSE"
          + "ssh-keys"       = "ansible:ssh-ed25519 AAAAC3NzaC1lZDI1NTE5AAAAIMJSMpJY7HtQ66xl5Kmn/TIMc8A7so1WTZHhhQnHaKTO ansible@task05"
        }
      + metadata_fingerprint = (known after apply)
      + min_cpu_platform     = (known after apply)
      + name                 = "task05-bastion"
      + project              = "test-environment-506521"
      + self_link            = (known after apply)
      + tags                 = [
          + "bastion",
          + "wireguard",
        ]
      + tags_fingerprint     = (known after apply)
      + terraform_labels     = {
          + "goog-terraform-provisioned" = "true"
          + "managed"                    = "terraform"
          + "project"                    = "devops-tasks"
          + "task"                       = "05-terraform-ansible"
        }
      + zone                 = "us-central1-a"

      + boot_disk {
          + auto_delete                = true
          + device_name                = (known after apply)
          + disk_encryption_key_sha256 = (known after apply)
          + guest_os_features          = (known after apply)
          + kms_key_self_link          = (known after apply)
          + mode                       = "READ_WRITE"
          + source                     = (known after apply)

          + initialize_params {
              + architecture           = (known after apply)
              + image                  = "debian-cloud/debian-12"
              + labels                 = (known after apply)
              + provisioned_iops       = (known after apply)
              + provisioned_throughput = (known after apply)
              + resource_policies      = (known after apply)
              + size                   = 10
              + snapshot               = (known after apply)
              + type                   = "pd-standard"
            }
        }

      + confidential_instance_config (known after apply)

      + guest_accelerator (known after apply)

      + network_interface {
          + internal_ipv6_prefix_length = (known after apply)
          + ipv6_access_type            = (known after apply)
          + ipv6_address                = (known after apply)
          + name                        = (known after apply)
          + network                     = (known after apply)
          + network_attachment          = (known after apply)
          + network_ip                  = (known after apply)
          + stack_type                  = (known after apply)
          + subnetwork                  = (known after apply)
          + subnetwork_project          = (known after apply)

          + access_config {
              + nat_ip       = (known after apply)
              + network_tier = (known after apply)
            }
        }

      + reservation_affinity (known after apply)

      + scheduling (known after apply)

      + service_account {
          + email  = "task05-bastion@test-environment-506521.iam.gserviceaccount.com"
          + scopes = [
              + "https://www.googleapis.com/auth/cloud-platform",
            ]
        }
    }

  # google_compute_instance.db will be created
  + resource "google_compute_instance" "db" {
      + can_ip_forward       = false
      + cpu_platform         = (known after apply)
      + creation_timestamp   = (known after apply)
      + current_status       = (known after apply)
      + deletion_protection  = false
      + effective_labels     = {
          + "goog-terraform-provisioned" = "true"
          + "managed"                    = "terraform"
          + "project"                    = "devops-tasks"
          + "task"                       = "05-terraform-ansible"
        }
      + id                   = (known after apply)
      + instance_id          = (known after apply)
      + label_fingerprint    = (known after apply)
      + labels               = {
          + "managed" = "terraform"
          + "project" = "devops-tasks"
          + "task"    = "05-terraform-ansible"
        }
      + machine_type         = "e2-micro"
      + metadata             = {
          + "enable-oslogin" = "FALSE"
          + "ssh-keys"       = "ansible:ssh-ed25519 AAAAC3NzaC1lZDI1NTE5AAAAIMJSMpJY7HtQ66xl5Kmn/TIMc8A7so1WTZHhhQnHaKTO ansible@task05"
        }
      + metadata_fingerprint = (known after apply)
      + min_cpu_platform     = (known after apply)
      + name                 = "task05-db"
      + project              = "test-environment-506521"
      + self_link            = (known after apply)
      + tags                 = [
          + "db",
          + "dbs-tier",
        ]
      + tags_fingerprint     = (known after apply)
      + terraform_labels     = {
          + "goog-terraform-provisioned" = "true"
          + "managed"                    = "terraform"
          + "project"                    = "devops-tasks"
          + "task"                       = "05-terraform-ansible"
        }
      + zone                 = "us-central1-a"

      + boot_disk {
          + auto_delete                = true
          + device_name                = (known after apply)
          + disk_encryption_key_sha256 = (known after apply)
          + guest_os_features          = (known after apply)
          + kms_key_self_link          = (known after apply)
          + mode                       = "READ_WRITE"
          + source                     = (known after apply)

          + initialize_params {
              + architecture           = (known after apply)
              + image                  = "debian-cloud/debian-12"
              + labels                 = (known after apply)
              + provisioned_iops       = (known after apply)
              + provisioned_throughput = (known after apply)
              + resource_policies      = (known after apply)
              + size                   = 10
              + snapshot               = (known after apply)
              + type                   = "pd-standard"
            }
        }

      + confidential_instance_config (known after apply)

      + guest_accelerator (known after apply)

      + network_interface {
          + internal_ipv6_prefix_length = (known after apply)
          + ipv6_access_type            = (known after apply)
          + ipv6_address                = (known after apply)
          + name                        = (known after apply)
          + network                     = (known after apply)
          + network_attachment          = (known after apply)
          + network_ip                  = (known after apply)
          + stack_type                  = (known after apply)
          + subnetwork                  = (known after apply)
          + subnetwork_project          = (known after apply)
        }

      + reservation_affinity (known after apply)

      + scheduling (known after apply)

      + service_account {
          + email  = "task05-db@test-environment-506521.iam.gserviceaccount.com"
          + scopes = [
              + "https://www.googleapis.com/auth/cloud-platform",
            ]
        }
    }

  # google_compute_instance.nginx will be created
  + resource "google_compute_instance" "nginx" {
      + can_ip_forward       = false
      + cpu_platform         = (known after apply)
      + creation_timestamp   = (known after apply)
      + current_status       = (known after apply)
      + deletion_protection  = false
      + effective_labels     = {
          + "goog-terraform-provisioned" = "true"
          + "managed"                    = "terraform"
          + "project"                    = "devops-tasks"
          + "task"                       = "05-terraform-ansible"
        }
      + id                   = (known after apply)
      + instance_id          = (known after apply)
      + label_fingerprint    = (known after apply)
      + labels               = {
          + "managed" = "terraform"
          + "project" = "devops-tasks"
          + "task"    = "05-terraform-ansible"
        }
      + machine_type         = "e2-micro"
      + metadata             = {
          + "enable-oslogin" = "FALSE"
          + "ssh-keys"       = "ansible:ssh-ed25519 AAAAC3NzaC1lZDI1NTE5AAAAIMJSMpJY7HtQ66xl5Kmn/TIMc8A7so1WTZHhhQnHaKTO ansible@task05"
        }
      + metadata_fingerprint = (known after apply)
      + min_cpu_platform     = (known after apply)
      + name                 = "task05-nginx"
      + project              = "test-environment-506521"
      + self_link            = (known after apply)
      + tags                 = [
          + "nginx",
          + "public-tier",
        ]
      + tags_fingerprint     = (known after apply)
      + terraform_labels     = {
          + "goog-terraform-provisioned" = "true"
          + "managed"                    = "terraform"
          + "project"                    = "devops-tasks"
          + "task"                       = "05-terraform-ansible"
        }
      + zone                 = "us-central1-a"

      + boot_disk {
          + auto_delete                = true
          + device_name                = (known after apply)
          + disk_encryption_key_sha256 = (known after apply)
          + guest_os_features          = (known after apply)
          + kms_key_self_link          = (known after apply)
          + mode                       = "READ_WRITE"
          + source                     = (known after apply)

          + initialize_params {
              + architecture           = (known after apply)
              + image                  = "debian-cloud/debian-12"
              + labels                 = (known after apply)
              + provisioned_iops       = (known after apply)
              + provisioned_throughput = (known after apply)
              + resource_policies      = (known after apply)
              + size                   = 10
              + snapshot               = (known after apply)
              + type                   = "pd-standard"
            }
        }

      + confidential_instance_config (known after apply)

      + guest_accelerator (known after apply)

      + network_interface {
          + internal_ipv6_prefix_length = (known after apply)
          + ipv6_access_type            = (known after apply)
          + ipv6_address                = (known after apply)
          + name                        = (known after apply)
          + network                     = (known after apply)
          + network_attachment          = (known after apply)
          + network_ip                  = (known after apply)
          + stack_type                  = (known after apply)
          + subnetwork                  = (known after apply)
          + subnetwork_project          = (known after apply)

          + access_config {
              + nat_ip       = (known after apply)
              + network_tier = (known after apply)
            }
        }

      + reservation_affinity (known after apply)

      + scheduling (known after apply)

      + service_account {
          + email  = "task05-nginx@test-environment-506521.iam.gserviceaccount.com"
          + scopes = [
              + "https://www.googleapis.com/auth/cloud-platform",
            ]
        }
    }

  # google_compute_network.apps will be created
  + resource "google_compute_network" "apps" {
      + auto_create_subnetworks                   = false
      + bgp_always_compare_med                    = (known after apply)
      + bgp_best_path_selection_mode              = (known after apply)
      + bgp_inter_region_cost                     = (known after apply)
      + delete_default_routes_on_create           = false
      + description                               = "Tier 2: application servers. No internet ingress, egress via Cloud NAT."
      + gateway_ipv4                              = (known after apply)
      + id                                        = (known after apply)
      + internal_ipv6_range                       = (known after apply)
      + mtu                                       = (known after apply)
      + name                                      = "task05-apps-vpc"
      + network_firewall_policy_enforcement_order = "AFTER_CLASSIC_FIREWALL"
      + network_id                                = (known after apply)
      + numeric_id                                = (known after apply)
      + project                                   = "test-environment-506521"
      + routing_mode                              = "REGIONAL"
      + self_link                                 = (known after apply)
    }

  # google_compute_network.dbs will be created
  + resource "google_compute_network" "dbs" {
      + auto_create_subnetworks                   = false
      + bgp_always_compare_med                    = (known after apply)
      + bgp_best_path_selection_mode              = (known after apply)
      + bgp_inter_region_cost                     = (known after apply)
      + delete_default_routes_on_create           = false
      + description                               = "Tier 3: database. Reachable only from the apps tier."
      + gateway_ipv4                              = (known after apply)
      + id                                        = (known after apply)
      + internal_ipv6_range                       = (known after apply)
      + mtu                                       = (known after apply)
      + name                                      = "task05-dbs-vpc"
      + network_firewall_policy_enforcement_order = "AFTER_CLASSIC_FIREWALL"
      + network_id                                = (known after apply)
      + numeric_id                                = (known after apply)
      + project                                   = "test-environment-506521"
      + routing_mode                              = "REGIONAL"
      + self_link                                 = (known after apply)
    }

  # google_compute_network.public will be created
  + resource "google_compute_network" "public" {
      + auto_create_subnetworks                   = false
      + bgp_always_compare_med                    = (known after apply)
      + bgp_best_path_selection_mode              = (known after apply)
      + bgp_inter_region_cost                     = (known after apply)
      + delete_default_routes_on_create           = false
      + description                               = "Tier 1: internet-facing. nginx reverse proxy and the WireGuard bastion."
      + gateway_ipv4                              = (known after apply)
      + id                                        = (known after apply)
      + internal_ipv6_range                       = (known after apply)
      + mtu                                       = (known after apply)
      + name                                      = "task05-public-vpc"
      + network_firewall_policy_enforcement_order = "AFTER_CLASSIC_FIREWALL"
      + network_id                                = (known after apply)
      + numeric_id                                = (known after apply)
      + project                                   = "test-environment-506521"
      + routing_mode                              = "REGIONAL"
      + self_link                                 = (known after apply)
    }

  # google_compute_network_peering.apps_to_dbs will be created
  + resource "google_compute_network_peering" "apps_to_dbs" {
      + export_custom_routes                = false
      + export_subnet_routes_with_public_ip = true
      + id                                  = (known after apply)
      + import_custom_routes                = false
      + name                                = "task05-apps-to-dbs"
      + network                             = (known after apply)
      + peer_network                        = (known after apply)
      + stack_type                          = "IPV4_ONLY"
      + state                               = (known after apply)
      + state_details                       = (known after apply)
    }

  # google_compute_network_peering.apps_to_public will be created
  + resource "google_compute_network_peering" "apps_to_public" {
      + export_custom_routes                = false
      + export_subnet_routes_with_public_ip = true
      + id                                  = (known after apply)
      + import_custom_routes                = false
      + name                                = "task05-apps-to-public"
      + network                             = (known after apply)
      + peer_network                        = (known after apply)
      + stack_type                          = "IPV4_ONLY"
      + state                               = (known after apply)
      + state_details                       = (known after apply)
    }

  # google_compute_network_peering.dbs_to_apps will be created
  + resource "google_compute_network_peering" "dbs_to_apps" {
      + export_custom_routes                = false
      + export_subnet_routes_with_public_ip = true
      + id                                  = (known after apply)
      + import_custom_routes                = false
      + name                                = "task05-dbs-to-apps"
      + network                             = (known after apply)
      + peer_network                        = (known after apply)
      + stack_type                          = "IPV4_ONLY"
      + state                               = (known after apply)
      + state_details                       = (known after apply)
    }

  # google_compute_network_peering.public_to_apps will be created
  + resource "google_compute_network_peering" "public_to_apps" {
      + export_custom_routes                = false
      + export_subnet_routes_with_public_ip = true
      + id                                  = (known after apply)
      + import_custom_routes                = false
      + name                                = "task05-public-to-apps"
      + network                             = (known after apply)
      + peer_network                        = (known after apply)
      + stack_type                          = "IPV4_ONLY"
      + state                               = (known after apply)
      + state_details                       = (known after apply)
    }

  # google_compute_router.apps will be created
  + resource "google_compute_router" "apps" {
      + creation_timestamp = (known after apply)
      + id                 = (known after apply)
      + name               = "task05-apps-router"
      + network            = (known after apply)
      + project            = "test-environment-506521"
      + region             = "us-central1"
      + self_link          = (known after apply)
    }

  # google_compute_router.dbs will be created
  + resource "google_compute_router" "dbs" {
      + creation_timestamp = (known after apply)
      + id                 = (known after apply)
      + name               = "task05-dbs-router"
      + network            = (known after apply)
      + project            = "test-environment-506521"
      + region             = "us-central1"
      + self_link          = (known after apply)
    }

  # google_compute_router_nat.apps will be created
  + resource "google_compute_router_nat" "apps" {
      + auto_network_tier                   = (known after apply)
      + drain_nat_ips                       = (known after apply)
      + enable_dynamic_port_allocation      = (known after apply)
      + enable_endpoint_independent_mapping = (known after apply)
      + endpoint_types                      = (known after apply)
      + icmp_idle_timeout_sec               = 30
      + id                                  = (known after apply)
      + min_ports_per_vm                    = (known after apply)
      + name                                = "task05-apps-nat"
      + nat_ip_allocate_option              = "AUTO_ONLY"
      + nat_ips                             = (known after apply)
      + project                             = "test-environment-506521"
      + region                              = "us-central1"
      + router                              = "task05-apps-router"
      + source_subnetwork_ip_ranges_to_nat  = "ALL_SUBNETWORKS_ALL_IP_RANGES"
      + tcp_established_idle_timeout_sec    = 1200
      + tcp_time_wait_timeout_sec           = 120
      + tcp_transitory_idle_timeout_sec     = 30
      + type                                = "PUBLIC"
      + udp_idle_timeout_sec                = 30

      + log_config {
          + enable = true
          + filter = "ERRORS_ONLY"
        }
    }

  # google_compute_router_nat.dbs will be created
  + resource "google_compute_router_nat" "dbs" {
      + auto_network_tier                   = (known after apply)
      + drain_nat_ips                       = (known after apply)
      + enable_dynamic_port_allocation      = (known after apply)
      + enable_endpoint_independent_mapping = (known after apply)
      + endpoint_types                      = (known after apply)
      + icmp_idle_timeout_sec               = 30
      + id                                  = (known after apply)
      + min_ports_per_vm                    = (known after apply)
      + name                                = "task05-dbs-nat"
      + nat_ip_allocate_option              = "AUTO_ONLY"
      + nat_ips                             = (known after apply)
      + project                             = "test-environment-506521"
      + region                              = "us-central1"
      + router                              = "task05-dbs-router"
      + source_subnetwork_ip_ranges_to_nat  = "ALL_SUBNETWORKS_ALL_IP_RANGES"
      + tcp_established_idle_timeout_sec    = 1200
      + tcp_time_wait_timeout_sec           = 120
      + tcp_transitory_idle_timeout_sec     = 30
      + type                                = "PUBLIC"
      + udp_idle_timeout_sec                = 30

      + log_config {
          + enable = true
          + filter = "ERRORS_ONLY"
        }
    }

  # google_compute_subnetwork.apps will be created
  + resource "google_compute_subnetwork" "apps" {
      + creation_timestamp         = (known after apply)
      + enable_flow_logs           = (known after apply)
      + external_ipv6_prefix       = (known after apply)
      + fingerprint                = (known after apply)
      + gateway_address            = (known after apply)
      + id                         = (known after apply)
      + internal_ipv6_prefix       = (known after apply)
      + ip_cidr_range              = "10.20.1.0/24"
      + ipv6_cidr_range            = (known after apply)
      + ipv6_gce_endpoint          = (known after apply)
      + name                       = "task05-apps-subnet"
      + network                    = (known after apply)
      + private_ip_google_access   = true
      + private_ipv6_google_access = (known after apply)
      + project                    = "test-environment-506521"
      + purpose                    = (known after apply)
      + region                     = "us-central1"
      + self_link                  = (known after apply)
      + stack_type                 = (known after apply)
      + state                      = (known after apply)
      + subnetwork_id              = (known after apply)

      + secondary_ip_range (known after apply)
    }

  # google_compute_subnetwork.dbs will be created
  + resource "google_compute_subnetwork" "dbs" {
      + creation_timestamp         = (known after apply)
      + enable_flow_logs           = (known after apply)
      + external_ipv6_prefix       = (known after apply)
      + fingerprint                = (known after apply)
      + gateway_address            = (known after apply)
      + id                         = (known after apply)
      + internal_ipv6_prefix       = (known after apply)
      + ip_cidr_range              = "10.30.1.0/24"
      + ipv6_cidr_range            = (known after apply)
      + ipv6_gce_endpoint          = (known after apply)
      + name                       = "task05-dbs-subnet"
      + network                    = (known after apply)
      + private_ip_google_access   = true
      + private_ipv6_google_access = (known after apply)
      + project                    = "test-environment-506521"
      + purpose                    = (known after apply)
      + region                     = "us-central1"
      + self_link                  = (known after apply)
      + stack_type                 = (known after apply)
      + state                      = (known after apply)
      + subnetwork_id              = (known after apply)

      + secondary_ip_range (known after apply)
    }

  # google_compute_subnetwork.public will be created
  + resource "google_compute_subnetwork" "public" {
      + creation_timestamp         = (known after apply)
      + enable_flow_logs           = (known after apply)
      + external_ipv6_prefix       = (known after apply)
      + fingerprint                = (known after apply)
      + gateway_address            = (known after apply)
      + id                         = (known after apply)
      + internal_ipv6_prefix       = (known after apply)
      + ip_cidr_range              = "10.10.1.0/24"
      + ipv6_cidr_range            = (known after apply)
      + ipv6_gce_endpoint          = (known after apply)
      + name                       = "task05-public-subnet"
      + network                    = (known after apply)
      + private_ip_google_access   = true
      + private_ipv6_google_access = (known after apply)
      + project                    = "test-environment-506521"
      + purpose                    = (known after apply)
      + region                     = "us-central1"
      + self_link                  = (known after apply)
      + stack_type                 = (known after apply)
      + state                      = (known after apply)
      + subnetwork_id              = (known after apply)

      + secondary_ip_range (known after apply)
    }

  # google_service_account.app will be created
  + resource "google_service_account" "app" {
      + account_id   = "task05-app"
      + disabled     = false
      + display_name = "Task05 application server"
      + email        = "task05-app@test-environment-506521.iam.gserviceaccount.com"
      + id           = (known after apply)
      + member       = "serviceAccount:task05-app@test-environment-506521.iam.gserviceaccount.com"
      + name         = (known after apply)
      + project      = "test-environment-506521"
      + unique_id    = (known after apply)
    }

  # google_service_account.bastion will be created
  + resource "google_service_account" "bastion" {
      + account_id   = "task05-bastion"
      + disabled     = false
      + display_name = "Task05 bastion / WireGuard"
      + email        = "task05-bastion@test-environment-506521.iam.gserviceaccount.com"
      + id           = (known after apply)
      + member       = "serviceAccount:task05-bastion@test-environment-506521.iam.gserviceaccount.com"
      + name         = (known after apply)
      + project      = "test-environment-506521"
      + unique_id    = (known after apply)
    }

  # google_service_account.db will be created
  + resource "google_service_account" "db" {
      + account_id   = "task05-db"
      + disabled     = false
      + display_name = "Task05 database server"
      + email        = "task05-db@test-environment-506521.iam.gserviceaccount.com"
      + id           = (known after apply)
      + member       = "serviceAccount:task05-db@test-environment-506521.iam.gserviceaccount.com"
      + name         = (known after apply)
      + project      = "test-environment-506521"
      + unique_id    = (known after apply)
    }

  # google_service_account.nginx will be created
  + resource "google_service_account" "nginx" {
      + account_id   = "task05-nginx"
      + disabled     = false
      + display_name = "Task05 nginx reverse proxy"
      + email        = "task05-nginx@test-environment-506521.iam.gserviceaccount.com"
      + id           = (known after apply)
      + member       = "serviceAccount:task05-nginx@test-environment-506521.iam.gserviceaccount.com"
      + name         = (known after apply)
      + project      = "test-environment-506521"
      + unique_id    = (known after apply)
    }

Plan: 32 to add, 0 to change, 0 to destroy.

Changes to Outputs:
  + app_private_ip     = (known after apply)
  + bastion_private_ip = (known after apply)
  + bastion_public_ip  = (known after apply)
  + db_private_ip      = (known after apply)
  + inventory          = {
      + bastion_ip = (known after apply)
      + hosts      = {
          + app     = {
              + ansible_host = (known after apply)
              + private_ip   = (known after apply)
              + tier         = "apps"
              + via_bastion  = true
            }
          + bastion = {
              + ansible_host = (known after apply)
              + private_ip   = (known after apply)
              + tier         = "public"
              + via_bastion  = false
            }
          + db      = {
              + ansible_host = (known after apply)
              + private_ip   = (known after apply)
              + tier         = "dbs"
              + via_app      = true
              + via_bastion  = true
            }
          + nginx   = {
              + ansible_host = (known after apply)
              + private_ip   = (known after apply)
              + tier         = "public"
              + via_bastion  = false
            }
        }
      + ssh_user   = "ansible"
    }
  + networks           = {
      + apps   = "task05-apps-vpc"
      + dbs    = "task05-dbs-vpc"
      + public = "task05-public-vpc"
    }
  + nginx_private_ip   = (known after apply)
  + nginx_public_ip    = (known after apply)
  + ssh_user           = "ansible"
  + subnets            = {
      + apps   = "10.20.1.0/24"
      + dbs    = "10.30.1.0/24"
      + public = "10.10.1.0/24"
      + vpn    = "10.99.0.0/24"
    }
  + vpn_cidr           = "10.99.0.0/24"

─────────────────────────────────────────────────────────────────────────────

Saved the plan to: tfplan.binary

To perform exactly these actions, run the following command to apply:
    terraform apply "tfplan.binary"
EXIT CODE : 0

