----------------------------------------------------------------
### S3 archive proof: segments listed, one downloaded, ffprobe on a MediaLive-produced file
COMMAND   : ./scripts/verify-archive.sh
CWD       : /c/Users/abual/devops-tasks/06-streaming
TIMESTAMP : 2026-08-26 20:14:58 +0300
----------------------------------------------------------------
=== S3 archive verification ===
    bucket: task06-archive-b68825b7
    prefix: live

--- objects MediaLive wrote ---
      2026-08-26 20:11:45   18.5 MiB live-hevc1080p60.000000.ts
      2026-08-26 20:11:55   16.4 MiB live-hevc1080p60.000001.ts
      2026-08-26 20:12:05   16.3 MiB live-hevc1080p60.000002.ts
      2026-08-26 20:12:15   16.3 MiB live-hevc1080p60.000003.ts
      2026-08-26 20:12:25   16.4 MiB live-hevc1080p60.000004.ts
      2026-08-26 20:12:35   16.3 MiB live-hevc1080p60.000005.ts
      2026-08-26 20:12:45   16.3 MiB live-hevc1080p60.000006.ts
      2026-08-26 20:12:55   16.3 MiB live-hevc1080p60.000007.ts
      2026-08-26 20:13:05   16.3 MiB live-hevc1080p60.000008.ts
      2026-08-26 20:13:15   16.4 MiB live-hevc1080p60.000009.ts
      2026-08-26 20:13:25   18.9 MiB live-hevc1080p60.000010.ts
      2026-08-26 20:13:35   18.9 MiB live-hevc1080p60.000011.ts
      2026-08-26 20:13:35    4.3 MiB live-hevc1080p60.000012.ts

       object count: 13
[PASS] MediaLive wrote 13 object(s) to S3
       .ts segment count: 13
[PASS] the archive is .ts, satisfying the container requirement

--- downloading one segment for inspection ---
       key : live-hevc1080p60.000000.ts
       size: 19451044 bytes
       downloaded to from-medialive.ts

--- ffprobe on the MEDIALIVE-PRODUCED file ---
    This is the payoff: not our local encode, but what the AWS encoder
    actually wrote and S3 actually stored.

      Input #0, mpegts, from 'C:/Users/abual/devops-tasks/06-streaming/out/from-medialive.ts':
        Duration: 00:00:10.01, start: 2.000000, bitrate: 15552 kb/s
        Stream #0:0[0x1e1]: Video: hevc (Main) ([36][0][0][0] / 0x0024), yuv420p(tv), 1920x1080 [SAR 1:1 DAR 16:9], 60 fps, 60 tbr, 90k tbn, start 2.033333
        Stream #0:1[0x1e2](und): Audio: aac (LC) ([15][0][0][0] / 0x000F), 48000 Hz, stereo, fltp, 192 kb/s, start 2.000000

      video codec            hevc
      resolution             1920x1080
      audio codec            aac
      container              mpegts
      duration               10.005333 s
      measured bitrate       15552541 bps

[PASS] MediaLive produced HEVC
[PASS] resolution 1920x1080 meets Full HD
[PASS] audio is AAC
[PASS] container is MPEG-TS
[PASS] measured segment bitrate 15552541 bps is consistent with a 12 Mbps target

RESULT: S3 ARCHIVE VERIFIED
EXIT CODE : 0

