----------------------------------------------------------------
### Post-destroy verification against AWS listings, per resource class
COMMAND   : bash scripts/teardown-check.sh
CWD       : /c/Users/abual/devops-tasks/06-streaming
TIMESTAMP : 2026-08-26 23:44:48 +0300
----------------------------------------------------------------
=== Post-destroy check: region eu-central-1 ===

--- MediaLive channels ---
  [CLEAN]   no channels

--- MediaLive inputs ---
  [CLEAN]   no inputs

--- MediaLive input security groups ---
  [CLEAN]   none

--- S3 buckets matching task06 ---
  [CLEAN]   no task06 buckets

--- IAM roles matching task06 ---
  [CLEAN]   none

================================================================
RESULT: CLEAN — nothing remains, nothing left running
EXIT CODE : 0

