----------------------------------------------------------------
### REPORT.pdf font, size, pagination, margins and length verified by extraction
COMMAND   : python scripts/verify-pdf.py REPORT.pdf
CWD       : /c/Users/abual/devops-tasks
TIMESTAMP : 2026-08-27 23:37:40 +0300
----------------------------------------------------------------
file       : REPORT.pdf
pages      : 20   (physical pages, cover included)
page size  : 595.3 x 841.9 pt (210 x 297 mm)

--- 1. fonts, read out of the PDF ---
    MPDFAA+Arial                 type=Type0  embedded=yes pages=20
    MPDFAA+ArialBold             type=Type0  embedded=yes pages=19
    MPDFAA+ArialItalic           type=Type0  embedded=yes pages=6
    MPDFAA+Consolas              type=Type0  embedded=yes pages=16
    MPDFAA+ConsolasBold          type=Type0  embedded=yes pages=3
[PASS] Arial is present and embedded (not substituted with a metric clone)
[PASS] a monospace face is embedded for terminal excerpts
[PASS] every font used is embedded in the file

--- 2. type sizes actually used ---
     11.0 pt  Arial                    20654 chars
      8.5 pt  Arial                     8979 chars
     11.0 pt  ArialBold                 2918 chars
     10.0 pt  Arial                     2827 chars
     10.5 pt  ArialBold                 1348 chars
      9.8 pt  Consolas                  1125 chars
     15.5 pt  ArialBold                  338 chars
      8.5 pt  ArialBold                  280 chars
     12.5 pt  ArialBold                  234 chars
     11.0 pt  ArialItalic                168 chars
[PASS] dominant body face is Arial at 11.0 pt
[PASS] monospace used for 1233 characters of terminal output

--- 3. page numbers ---
[PASS] every page after the cover carries a number (19 numbered folios, 20 physical pages)

--- 4. nothing crosses the margins ---
[PASS] no text crosses the left, right or bottom margin

--- 5. the contents list resolves ---
    contents entries parsed: 28
[PASS] all 28 contents entries point at the page carrying that heading

--- 6. length and metadata ---
[PASS] 20 physical pages (19 numbered + cover), within the 20-page limit
    title     : 'Infrastructure Engineer Assignment'
[PASS] title is set
    author    : 'Ali Alkhathami'
[PASS] author is set
[PASS] no metadata beyond title and author

============================================================
RESULT: PDF VERIFIED
============================================================
EXIT CODE : 0

